// Jest Snapshot v1, https://goo.gl/fbAQLP

exports[`Prueba en el <GifGrid /> debe de mostrar <GifGrid /> correctamente 1`] = `
<Fragment>
  <h3
    className="card animate__animated animate__fadeIn"
  >
     
    One Punch
     
  </h3>
  <p
    className="card animate__animated animate__flash"
  >
    Loading
  </p>
  <div
    className="card-grid"
  />
</Fragment>
`;

exports[`Prueba en el <GifGrid /> debe de mostrar items cuando se cargan im√°genes useFetchGifs 1`] = `
<Fragment>
  <h3
    className="card animate__animated animate__fadeIn"
  >
     
    One Punch
     
  </h3>
  <div
    className="card-grid"
  >
    <GifGridItem
      id="ABC"
      key="ABC"
      title="Cualquier cosa"
      url="https://localhost/cualquier/cosa.jpg"
    />
    <GifGridItem
      id="123"
      key="123"
      title="Cualquier cosa"
      url="https://localhost/cualquier/cosa.jpg"
    />
  </div>
</Fragment>
`;
