// Jest Snapshot v1, https://goo.gl/fbAQLP

exports[`Prueba en el <GifGridItem /> debe de mostrar <GifGridItem /> correctamente 1`] = `
<div
  className="card animate__animated animate__bounce animate__fadeIn"
>
  <img
    alt="Un titulo"
    src="https://localhost/algo-jpg"
  />
  <p>
    Un titulo
  </p>
</div>
`;
